yarn run v1.22.22
$ next dev
   ▲ Next.js 15.1.6
   - Local:        http://localhost:3000
   - Network:      http://172.20.10.2:3000

 ✓ Starting...
 ✓ Ready in 1334ms
 ○ Compiling /top-players ...
 ✓ Compiled /top-players in 784ms (757 modules)
 GET /top-players 200 in 1003ms
 ⚠ The "images.domains" configuration is deprecated. Please use "images.remotePatterns" configuration instead.
 ✓ Compiled /favicon.ico in 113ms (429 modules)
 GET /favicon.ico 200 in 163ms
 ✓ Compiled /withdraws in 198ms (780 modules)
 GET /withdraws 200 in 267ms
 ✓ Compiled /players in 119ms (784 modules)
 GET /players 200 in 158ms
 ✓ Compiled / in 207ms (824 modules)
 GET / 200 in 1282ms
 GET / 200 in 1069ms
 GET /top-players 200 in 33ms
 ✓ Compiled /deposits in 176ms (827 modules)
 GET /deposits 200 in 349ms
 GET /top-players 200 in 45ms
 ✓ Compiled /player/[id] in 206ms (844 modules)
1
 GET /player/1 200 in 617ms
 GET /withdraws 200 in 53ms
 GET /players 200 in 30ms
 ✓ Compiled /_not-found in 321ms (833 modules)
 GET /settings 404 in 425ms
 GET /settings 404 in 37ms
 ✓ Compiled /favicon.ico in 73ms (483 modules)
 GET /favicon.ico 200 in 126ms
 GET / 200 in 1104ms
 GET /favicon.ico 200 in 11ms
 GET /players 200 in 37ms
 GET /favicon.ico 200 in 10ms
 GET / 200 in 463ms
 GET / 200 in 353ms
 GET / 200 in 834ms
 GET / 200 in 156ms
 GET / 200 in 972ms
 GET / 200 in 1031ms
 GET /players 200 in 25ms
 GET /withdraws 200 in 35ms
 GET /deposits 200 in 35ms
 GET /top-players 200 in 34ms
 GET / 200 in 1039ms
 GET / 200 in 1036ms
 GET /favicon.ico 200 in 11ms
 GET / 200 in 1042ms
 GET /favicon.ico 200 in 7ms
 GET /players 200 in 24ms
 GET /withdraws 200 in 23ms
 GET /deposits 200 in 23ms
 GET /top-players 200 in 22ms
 GET /settings 404 in 15ms
 GET /settings 404 in 21ms
 ✓ Compiled /auth/sign-in in 331ms (835 modules)
 GET /auth/sign-in 200 in 476ms
 ⚠ Fast Refresh had to perform a full reload. Read more: https://nextjs.org/docs/messages/fast-refresh-reload
 GET /settings 404 in 9ms
 GET /deposits 200 in 41ms
 GET /players 200 in 20ms
 ✓ Compiled /favicon.ico in 96ms (482 modules)
 GET /favicon.ico 200 in 151ms
 GET /withdraws 200 in 46ms
 GET / 200 in 1032ms
 GET /favicon.ico 200 in 3ms
 GET /settings 404 in 4ms
 GET /settings 404 in 36ms
 GET /favicon.ico 200 in 9ms
 GET / 200 in 1032ms
 GET /favicon.ico 200 in 10ms
 GET /top-players 200 in 36ms
 GET /deposits 200 in 26ms
 ✓ Compiled /profile in 252ms (836 modules)
 GET /profile 200 in 324ms
 GET / 200 in 1019ms
 GET /players 200 in 37ms
 ✓ Compiled /favicon.ico in 93ms (482 modules)
 GET /favicon.ico 200 in 144ms
 GET /withdraws 200 in 78ms
 GET /favicon.ico 200 in 3ms
 GET /deposits 200 in 9ms
 GET /favicon.ico 200 in 2ms
 GET /players 200 in 9ms
 GET /favicon.ico 200 in 2ms
 GET / 200 in 1029ms
 GET /favicon.ico 200 in 9ms
 GET / 200 in 1051ms
 GET /favicon.ico 200 in 10ms
 GET / 200 in 1038ms
 GET /withdraws 200 in 25ms
 GET /favicon.ico 200 in 12ms
 GET / 200 in 1039ms
 GET /top-players 200 in 37ms
 GET / 200 in 1022ms
 GET /players 200 in 23ms
 GET /withdraws 200 in 24ms
 GET /favicon.ico 200 in 9ms
 GET / 200 in 1038ms
 GET / 200 in 1037ms
 GET /players 200 in 22ms
 GET / 200 in 1030ms
 GET /players 200 in 24ms
 GET / 200 in 1037ms
 GET /favicon.ico 200 in 11ms
 GET /favicon.ico 200 in 3ms
 GET / 200 in 1034ms
 GET /top-players 200 in 37ms
 GET / 200 in 1022ms
 GET /players 200 in 24ms
 GET /withdraws 200 in 25ms
 GET /top-players 200 in 24ms
 GET /deposits 200 in 22ms
 GET /top-players 200 in 23ms
 GET /deposits 200 in 8ms
 GET /withdraws 200 in 23ms
 GET / 200 in 1020ms
 GET /profile 200 in 21ms
 GET /withdraws 200 in 41ms
 GET /deposits 200 in 24ms
 GET /top-players 200 in 23ms
 GET /withdraws 200 in 21ms
 GET /players 200 in 24ms
 GET / 200 in 1016ms
 GET / 200 in 1035ms
 GET /top-players 200 in 24ms
 ✓ Compiled /auth/sign-in in 148ms (476 modules)
 GET /auth/sign-in 200 in 231ms
[?25h
